// Jest Snapshot v1, https://goo.gl/fbAQLP

exports[`Search bar renders properly 1`] = `
<DocumentFragment>
  <div
    class=" w-full min-h-screen flex justify-center items-center"
    data-testid="testLoading"
  >
    <div
      class="flex min-h-screen w-full items-center justify-center "
    >
      <div
        class="flex h-14 w-14 items-center justify-center rounded-full bg-gradient-to-tr from-[#ABCFEF] via-[#929EEA] to-[#91D3A0] animate-spin"
      >
        <div
          class="h-9 w-9 rounded-full background-gradient"
        />
      </div>
    </div>
  </div>
</DocumentFragment>
`;
